// Jest Snapshot v1, https://jestjs.io/docs/snapshot-testing

exports[`NotesHeader renders correctly 1`] = `
<View
  className="flex-row items-center justify-between mb-6"
>
  <Text
    className="text-white text-3xl font-bold"
  >
    Notes
  </Text>
  <View
    className="flex-row gap-2"
  >
    <Pressable
      accessibilityHint="Take a photo or select image to scan text"
      accessibilityLabel="Scan note"
      accessibilityRole="button"
      android_ripple={
        {
          "color": "rgba(255, 255, 255, 0.2)",
        }
      }
      className="bg-gray-800 rounded-xl flex-row items-center justify-center border border-gray-700"
      onPress={[MockFunction]}
      style={
        {
          "minHeight": 44,
          "width": 44,
        }
      }
    >
      <Ionicons
        color="white"
        name="scan"
        size={20}
        style={
          {
            "opacity": 1,
          }
        }
      />
    </Pressable>
    <Pressable
      accessibilityHint="Opens a new note for editing"
      accessibilityLabel="Create new note"
      accessibilityRole="button"
      android_ripple={
        {
          "color": "rgba(255, 255, 255, 0.2)",
        }
      }
      className="bg-blue-600 rounded-xl px-4 flex-row items-center"
      onPress={[MockFunction]}
      style={
        {
          "minHeight": 44,
        }
      }
    >
      <View
        className="flex-row items-center"
        style={
          {
            "opacity": 1,
          }
        }
      >
        <Ionicons
          color="white"
          name="add"
          size={20}
        />
        <Text
          className="text-white font-semibold ml-1"
        >
          New Note
        </Text>
      </View>
    </Pressable>
  </View>
</View>
`;
