// Jest Snapshot v1, https://goo.gl/fbAQLP

exports[`NoteCard renders correctly 1`] = `
<Animated.View
  style={
    {
      "opacity": {
        "interpolate": [MockFunction],
      },
      "transform": [
        {
          "scale": {
            "interpolate": [MockFunction],
          },
        },
      ],
    }
  }
>
  <Pressable
    accessibilityHint="Opens note. Last updated 2 years ago."
    accessibilityLabel="Note: Test Note"
    accessibilityRole="button"
    android_ripple={
      {
        "color": "rgba(59, 130, 246, 0.1)",
      }
    }
    className="bg-base-200 rounded-2xl p-5 border border-base-300"
    onPress={[Function]}
    style={
      {
        "minHeight": 160,
      }
    }
  >
    <View>
      <Text
        accessibilityRole="header"
        className="text-base-content text-lg font-bold mb-2 leading-tight"
        ellipsizeMode="tail"
        numberOfLines={1}
      >
        Test Note
      </Text>
      <Text
        className="text-base-content/30 text-sm leading-relaxed"
        ellipsizeMode="tail"
        numberOfLines={4}
      >
        This is a test note content.
         
      </Text>
    </View>
    <View
      className="flex-row items-center justify-end mt-auto pt-4"
    >
      <View
        color="#507ebfff"
        size={16}
        testID="lucide-Clock2"
      />
      <Text
        className="text-primary text-xs ml-1"
      >
        2 years ago
      </Text>
    </View>
  </Pressable>
</Animated.View>
`;
