// Jest Snapshot v1, https://goo.gl/fbAQLP

exports[`NotesHeader renders correctly 1`] = `
<View
  className="flex-row items-center justify-between mb-6"
>
  <View
    className="flex-row items-center"
  >
    <View
      height={50}
      viewBox="30 30 140 140"
      width={50}
    >
      <View>
        <View
          id="nebula-gradient-«r0»"
          x1="0%"
          x2="100%"
          y1="0%"
          y2="100%"
        >
          <View
            offset="0%"
            stopColor="#1e3a8a"
            stopOpacity={1}
          />
          <View
            offset="50%"
            stopColor="#3b82f6"
            stopOpacity={1}
          />
          <View
            offset="100%"
            stopColor="#60a5fa"
            stopOpacity={1}
          />
        </View>
        <View
          id="glow-«r0»"
        >
          <View
            result="coloredBlur"
            stdDeviation="2"
          />
          <View>
            <View
              in="coloredBlur"
            />
            <View
              in="SourceGraphic"
            />
          </View>
        </View>
      </View>
      <View
        cx="100"
        cy="100"
        fill="url(#nebula-gradient-«r0»)"
        filter="url(#glow-«r0»)"
        opacity={0.4}
        r="45"
      />
      <View
        cx="100"
        cy="100"
        fill="url(#nebula-gradient-«r0»)"
        opacity={0.8}
        r="30"
      />
      <View
        cx="100"
        cy="100"
        fill="#ffffff"
        filter="url(#glow-«r0»)"
        r="8"
      />
      <View
        cx="140"
        cy="80"
        fill="#60a5fa"
        opacity={0.8}
        r="4"
      />
      <View
        cx="65"
        cy="120"
        fill="#1e3a8a"
        opacity={0.8}
        r="3"
      />
      <View
        cx="120"
        cy="130"
        fill="#3b82f6"
        opacity={0.8}
        r="3.5"
      />
    </View>
    <Text
      className="text-base-content text-3xl font-bold tracking-tight"
    >
      Nebula
    </Text>
  </View>
  <Pressable
    accessibilityHint="Choose to create a new note or scan an image"
    accessibilityLabel="Create note"
    accessibilityRole="button"
    android_ripple={
      {
        "color": "rgba(255, 255, 255, 0.2)",
      }
    }
    className="bg-primary rounded-xl px-4 flex-row items-center"
    onPress={[Function]}
    style={
      {
        "minHeight": 44,
      }
    }
  >
    <View
      className="flex-row items-center"
      style={
        {
          "opacity": 1,
        }
      }
    >
      <View
        color="white"
        size={20}
        strokeWidth={2.5}
        testID="lucide-Plus"
      />
    </View>
  </Pressable>
</View>
`;
